// Jest Snapshot v1, https://goo.gl/fbAQLP

exports[`It loads the book component 1`] = `
<p>
  Loading...
</p>
`;
